[2026-04-16 18:19:16] AUTH: Fallo de login: Contraseña incorrecta para [comprador@prueba.com]
[2026-04-16 18:19:28] AUTH: Fallo de login: Contraseña incorrecta para [vendedor@prueba.com]
[2026-04-16 18:19:34] AUTH: Fallo de login: Contraseña incorrecta para [vendedor@prueba.com]
[2026-04-16 18:20:08] AUTH: Login exitoso: dayana@agecso.com (Rol: admin)
[2026-04-16 18:24:21] AUTH: Fallo de login: Contraseña incorrecta para [comprador@prueba.com]
[2026-04-16 18:24:30] AUTH: Fallo de login: Contraseña incorrecta para [comprador@prueba.com]
[2026-04-16 18:24:40] AUTH: Fallo de login: Contraseña incorrecta para [comprador@prueba.com]
[2026-04-16 18:24:48] AUTH: Fallo de login: Contraseña incorrecta para [comprador@prueba.com]
[2026-04-16 18:25:07] AUTH: Fallo de login: Contraseña incorrecta para [vendedor@prueba.com]
[2026-04-16 18:25:14] AUTH: Fallo de login: Contraseña incorrecta para [vendedor@prueba.com]
[2026-04-16 18:25:21] AUTH: Fallo de login: Contraseña incorrecta para [vendedor@prueba.com]
[2026-04-16 18:26:12] AUTH: Fallo de login: Contraseña incorrecta para [comprador@prueba.com]
[2026-04-16 18:41:01] AUTH: Login exitoso: dayana@agecso.com (Rol: admin)
[2026-04-16 18:45:32] AUTH: Fallo de login: Contraseña incorrecta para [comprador@prueba.com]
[2026-04-16 18:45:39] AUTH: Fallo de login: Contraseña incorrecta para [vendedor@prueba.com]
[2026-04-16 18:45:54] AUTH: Fallo de login: Contraseña incorrecta para [comprador@prueba.com]
[2026-04-16 18:46:04] AUTH: Fallo de login: Contraseña incorrecta para [vendedor@prueba.com]
[2026-04-16 18:46:57] AUTH: Login exitoso: dayana@agecso.com (Rol: admin)
[2026-04-16 18:50:03] AUTH: Fallo de login: Contraseña incorrecta para [comprador@prueba.com]
[2026-04-16 18:51:55] AUTH: Fallo de login: Contraseña incorrecta para [comprador@prueba.com]
[2026-04-16 18:52:01] AUTH: Fallo de login: Contraseña incorrecta para [comprador@prueba.com]
[2026-04-16 18:52:16] AUTH: Fallo de login: Contraseña incorrecta para [vendedor@prueba.com]
[2026-04-16 18:53:57] AUTH: Fallo de login: Contraseña incorrecta para [comprador@prueba.com]
[2026-04-16 18:55:34] AUTH: Fallo de login: Contraseña incorrecta para [comprador@prueba.com]
[2026-04-16 18:55:39] AUTH: Fallo de login: Contraseña incorrecta para [comprador@prueba.com]
[2026-04-16 18:57:25] AUTH: Fallo de login: Contraseña incorrecta para [vendedor@prueba.com]
[2026-04-16 18:58:24] AUTH: Fallo de login: Contraseña incorrecta para [comprador@prueba.com]
[2026-04-16 18:58:29] AUTH: Login exitoso: comprador@prueba.com (Rol: comprador)
[2026-04-16 20:32:53] AUTH: Login exitoso: vendedor@prueba.com (Rol: proveedor)
[2026-04-16 20:50:09] AUTH: Fallo de login: Contraseña incorrecta para [comprador@prueba.com]
[2026-04-16 20:50:16] AUTH: Login exitoso: comprador@prueba.com (Rol: comprador)
[2026-04-16 21:25:41] AUTH: Login exitoso: dayana@agecso.com (Rol: admin)
[2026-04-16 21:36:54] AUTH: Login exitoso: dayana@agecso.com (Rol: admin)
[2026-04-16 21:43:44] AUTH: Login exitoso: dayana@agecso.com (Rol: admin)
[2026-04-16 21:56:30] AUTH: Login exitoso: dayana@agecso.com (Rol: admin)
[2026-04-16 21:59:16] AUTH: Login exitoso: comprador@prueba.com (Rol: comprador)
[2026-04-16 22:25:17] AUTH: Login exitoso: comprador@prueba.com (Rol: comprador)
[2026-04-16 22:25:43] AUTH: Login exitoso: vendedor@prueba.com (Rol: proveedor)
[2026-04-16 22:26:48] AUTH: Login exitoso: comprador@prueba.com (Rol: comprador)
[2026-04-16 22:34:15] AUTH: Fallo de login: Usuario no encontrado [superadmin@agesco]
[2026-04-16 22:34:28] AUTH: Fallo de login: Usuario no encontrado [superadmin@agesco]
[2026-04-16 22:36:44] AUTH: Fallo de login: Usuario no encontrado [superadmin@agesco]
[2026-04-16 22:37:04] AUTH: Fallo de login: Usuario no encontrado [superadmin@agesco.com]
[2026-04-16 22:37:33] AUTH: Fallo de login: Contraseña incorrecta para [superadmin@agecso.com]
[2026-04-16 22:38:25] AUTH: Fallo de login: Contraseña incorrecta para [superadmin@agecso.com]
[2026-04-16 22:38:46] AUTH: Fallo de login: Contraseña incorrecta para [superadmin@agecso.com]
[2026-04-16 22:39:29] AUTH: Fallo de login: Usuario no encontrado [dayana@agesco.com]
[2026-04-16 22:39:39] AUTH: Login exitoso: dayana@agecso.com (Rol: admin)
[2026-04-16 22:40:18] AUTH: Login exitoso: comprador@prueba.com (Rol: comprador)
[2026-04-16 22:44:30] AUTH: Login exitoso: algo@correosprueba.com (Rol: comprador)
[2026-04-16 23:10:57] AUTH: Fallo de login: Contraseña incorrecta para [superadmin@agecso.com]
[2026-04-16 23:11:12] AUTH: Login exitoso: dayana@agecso.com (Rol: admin)
[2026-04-16 23:12:03] AUTH: Login exitoso: comprador@prueba.com (Rol: comprador)
[2026-04-16 23:12:25] AUTH: Login exitoso: dayana@agecso.com (Rol: admin)
[2026-04-16 23:29:53] AUTH: Login exitoso: dayana@agecso.com (Rol: admin)
[2026-04-16 23:31:25] AUTH: Login exitoso: comprador@prueba.com (Rol: comprador)
[2026-04-16 23:32:47] AUTH: Login exitoso: comprador@prueba.com (Rol: comprador)
[2026-04-16 23:33:20] AUTH: Login exitoso: vendedor@prueba.com (Rol: proveedor)
[2026-04-16 23:34:28] AUTH: Login exitoso: comprador@prueba.com (Rol: comprador)
[2026-04-16 23:35:16] AUTH: Login exitoso: dayana@agecso.com (Rol: admin)
[2026-04-19 00:40:58] AUTH: Login exitoso: dayana@agecso.com (Rol: admin)
[2026-04-19 14:45:01] AUTH: Login exitoso: vendedor@prueba.com (Rol: proveedor)
[2026-04-19 14:58:23] AUTH: Login exitoso: comprador@prueba.com (Rol: comprador)
[2026-04-19 15:00:31] AUTH: Login exitoso: comprador@prueba.com (Rol: comprador)
[2026-04-19 15:00:45] AUTH: Login exitoso: vendedor@prueba.com (Rol: proveedor)
[2026-04-19 15:03:20] AUTH: Login exitoso: vendedor@prueba.com (Rol: proveedor)
[2026-04-19 15:03:33] AUTH: Login exitoso: comprador@prueba.com (Rol: comprador)
[2026-04-19 15:11:34] AUTH: Login exitoso: vendedor@prueba.com (Rol: proveedor)
[2026-04-19 15:12:46] AUTH: Login exitoso: comprador@prueba.com (Rol: comprador)
[2026-04-19 15:23:32] AUTH: Fallo de login: Contraseña incorrecta para [vendedor@prueba.com]
[2026-04-19 15:23:38] AUTH: Login exitoso: vendedor@prueba.com (Rol: proveedor)
[2026-04-19 15:41:26] AUTH: Login exitoso: vendedor@prueba.com (Rol: proveedor)
[2026-04-19 15:42:09] AUTH: Login exitoso: comprador@prueba.com (Rol: comprador)
[2026-04-20 14:39:56] AUTH: Login exitoso: comprador@prueba.com (Rol: comprador)
[2026-04-20 14:44:16] AUTH: Login exitoso: vendedor@prueba.com (Rol: proveedor)
[2026-04-20 14:44:52] AUTH: Login exitoso: comprador@prueba.com (Rol: comprador)
[2026-04-20 14:45:23] AUTH: Login exitoso: comprador@prueba.com (Rol: comprador)
[2026-04-20 14:45:35] AUTH: Login exitoso: vendedor@prueba.com (Rol: proveedor)
[2026-04-20 15:24:28] AUTH: Login exitoso: vendedor@prueba.com (Rol: proveedor)
[2026-04-20 15:24:58] AUTH: Login exitoso: comprador@prueba.com (Rol: comprador)
[2026-04-20 16:15:28] AUTH: Login exitoso: comprador@prueba.com (Rol: comprador)
[2026-04-20 16:15:50] AUTH: Login exitoso: vendedor@prueba.com (Rol: proveedor)
[2026-04-20 19:54:16] AUTH: Login exitoso: comprador@prueba.com (Rol: comprador)
[2026-04-20 20:30:57] AUTH: Login exitoso: vendedor@prueba.com (Rol: proveedor)
[2026-04-20 20:52:28] AUTH: Fallo de login: Contraseña incorrecta para [comprador@prueba.com]
[2026-04-20 20:52:33] AUTH: Login exitoso: comprador@prueba.com (Rol: comprador)
[2026-04-20 20:53:35] AUTH: Login exitoso: vendedor@prueba.com (Rol: proveedor)
[2026-04-20 20:54:08] AUTH: Fallo de login: Contraseña incorrecta para [dayana@agecso.com]
[2026-04-20 20:54:13] AUTH: Login exitoso: dayana@agecso.com (Rol: admin)
[2026-04-20 21:01:48] AUTH: Login exitoso: comprador@prueba.com (Rol: comprador)
[2026-04-20 23:04:13] AUTH: Login exitoso: dayana@agecso.com (Rol: admin)
[2026-04-21 05:33:08] AUTH: Login exitoso: dayana@agecso.com (Rol: admin)
[2026-04-21 13:45:38] AUTH: Fallo de login: Contraseña incorrecta para [superadmin@agecso.com]
[2026-04-21 13:45:54] AUTH: Fallo de login: Contraseña incorrecta para [superadmin@agecso.com]
[2026-04-21 13:47:03] AUTH: Fallo de login: Contraseña incorrecta para [superadmin@agecso.com]
[2026-04-21 13:47:29] AUTH: Login exitoso: vendedor@prueba.com (Rol: proveedor)
[2026-04-21 14:07:41] AUTH: Login exitoso: comprador@prueba.com (Rol: comprador)
[2026-04-21 16:15:06] AUTH: Login exitoso: dayana@agecso.com (Rol: admin)
[2026-04-21 16:16:38] AUTH: Login exitoso: comprador@prueba.com (Rol: comprador)
[2026-04-21 16:17:49] AUTH: Login exitoso: vendedor@prueba.com (Rol: proveedor)
[2026-04-21 16:18:58] AUTH: Login exitoso: comprador@prueba.com (Rol: comprador)
[2026-04-21 16:24:16] AUTH: Login exitoso: vendedor@prueba.com (Rol: proveedor)
[2026-04-21 16:25:16] AUTH: Fallo de login: Contraseña incorrecta para [comprador1@demo.com]
[2026-04-21 16:40:04] AUTH: Fallo de login: Contraseña incorrecta para [comprador1@demo.com]
[2026-04-21 16:40:12] AUTH: Login exitoso: comprador@prueba.com (Rol: comprador)
[2026-04-21 16:40:59] AUTH: Login exitoso: vendedor@prueba.com (Rol: proveedor)
[2026-04-21 16:48:45] AUTH: Login exitoso: comprador@prueba.com (Rol: comprador)
[2026-04-21 16:50:06] AUTH: Login exitoso: dayana@agecso.com (Rol: admin)
[2026-04-21 16:51:19] AUTH: Fallo de login: Contraseña incorrecta para [comprador@prueba.com]
[2026-04-21 16:51:23] AUTH: Login exitoso: comprador@prueba.com (Rol: comprador)
[2026-04-21 16:52:47] AUTH: Login exitoso: vendedor@prueba.com (Rol: proveedor)
[2026-04-21 17:07:57] AUTH: Login exitoso: comprador@prueba.com (Rol: comprador)
[2026-04-21 17:08:46] AUTH: Login exitoso: comprador@prueba.com (Rol: comprador)
[2026-04-21 17:09:01] AUTH: Login exitoso: vendedor@prueba.com (Rol: proveedor)
[2026-04-21 17:09:41] AUTH: Login exitoso: comprador@prueba.com (Rol: comprador)
[2026-04-21 17:51:29] AUTH: Fallo de login: Usuario no encontrado [dayana@agesco.com]
[2026-04-21 17:51:34] AUTH: Login exitoso: dayana@agecso.com (Rol: admin)
[2026-04-21 17:52:36] AUTH: Login exitoso: comprador@prueba.com (Rol: comprador)
[2026-04-21 17:52:56] AUTH: Login exitoso: vendedor@prueba.com (Rol: proveedor)
[2026-04-21 18:05:41] AUTH: Login exitoso: comprador@prueba.com (Rol: comprador)
[2026-04-21 18:05:59] AUTH: Login exitoso: vendedor@prueba.com (Rol: proveedor)
[2026-04-21 18:22:36] AUTH: Login exitoso: comprador@prueba.com (Rol: comprador)
[2026-04-21 18:23:07] AUTH: Fallo de login: Contraseña incorrecta para [vendedor@prueba.com]
[2026-04-21 18:23:13] AUTH: Login exitoso: vendedor@prueba.com (Rol: proveedor)
[2026-04-21 18:23:35] AUTH: Fallo de login: Usuario no encontrado [dayana@agesco.com]
[2026-04-21 18:23:41] AUTH: Login exitoso: dayana@agecso.com (Rol: admin)
[2026-04-21 18:24:01] AUTH: Login exitoso: comprador@prueba.com (Rol: comprador)
[2026-04-21 20:40:33] AUTH: Login exitoso: dayana@agecso.com (Rol: admin)
[2026-04-21 21:00:41] AUTH: Login exitoso: comprador@prueba.com (Rol: comprador)
[2026-04-21 21:17:28] AUTH: Login exitoso: vendedor@prueba.com (Rol: proveedor)
[2026-04-21 21:49:39] AUTH: Login exitoso: comprador@prueba.com (Rol: comprador)
[2026-04-21 22:16:05] AUTH: Login exitoso: vendedor@prueba.com (Rol: proveedor)
[2026-04-21 22:48:35] AUTH: Login exitoso: comprador@prueba.com (Rol: comprador)
[2026-04-22 16:30:23] AUTH: Fallo de login: Contraseña incorrecta para [dayana@agecso.com]
[2026-04-22 16:30:29] AUTH: Login exitoso: dayana@agecso.com (Rol: admin)
[2026-04-22 16:30:58] AUTH: Login exitoso: comprador@prueba.com (Rol: comprador)
[2026-04-24 17:49:49] AUTH: Login exitoso: dayana@agecso.com (Rol: admin)
[2026-04-24 22:36:36] AUTH: Login exitoso: correo@correoejemplo.com (Rol: comprador)
[2026-04-24 22:41:32] AUTH: Login exitoso: comprador@prueba.com (Rol: comprador)
[2026-04-24 22:56:39] AUTH: Login exitoso: vendedor@prueba.com (Rol: proveedor)
[2026-04-26 13:27:29] AUTH: Login exitoso: dayana@agecso.com (Rol: admin)
[2026-04-26 15:02:36] AUTH: Fallo de login: Usuario no encontrado [damian@gmail.com]
[2026-04-26 15:02:47] AUTH: Fallo de login: Usuario no encontrado [damian@gmail.com]
[2026-04-26 15:03:00] AUTH: Fallo de login: Usuario no encontrado [damian@gmail.com]
[2026-04-26 15:03:47] AUTH: Login exitoso: dayana@agecso.com (Rol: admin)
[2026-04-26 15:15:41] AUTH: Login exitoso: damian@gmail.com (Rol: admin)
[2026-04-26 15:15:58] AUTH: Login exitoso: vendedor@prueba.com (Rol: proveedor)
[2026-04-26 15:18:27] AUTH: Login exitoso: comprador@prueba.com (Rol: comprador)
[2026-04-27 05:39:47] AUTH: Login exitoso: dayana@agecso.com (Rol: admin)
[2026-04-27 05:40:14] AUTH: Login exitoso: comprador@prueba.com (Rol: comprador)
[2026-04-27 05:42:27] AUTH: Login exitoso: dayana@agecso.com (Rol: admin)
[2026-04-27 05:43:47] AUTH: Login exitoso: comprador@prueba.com (Rol: comprador)
[2026-04-27 05:44:09] AUTH: Login exitoso: vendedor@prueba.com (Rol: proveedor)
[2026-04-27 05:44:46] AUTH: Login exitoso: dayana@agecso.com (Rol: admin)
[2026-04-27 05:46:20] AUTH: Login exitoso: vendedor@prueba.com (Rol: proveedor)
[2026-04-27 05:47:17] AUTH: Login exitoso: comprador@prueba.com (Rol: comprador)
[2026-04-27 23:35:41] AUTH: Fallo de login: Usuario no encontrado [fafa@gamiol]
[2026-04-27 23:35:47] AUTH: Fallo de login: Contraseña incorrecta para [comprador@prueba.com]
[2026-04-27 23:39:41] AUTH: Login exitoso: dayana@agecso.com (Rol: admin)
[2026-04-27 23:40:28] AUTH: Login exitoso: comprador@prueba.com (Rol: comprador)
[2026-04-28 20:42:23] AUTH: Login exitoso: dayana@agecso.com (Rol: admin)
[2026-04-28 23:14:42] AUTH: Login exitoso: dayana@agecso.com (Rol: admin)
[2026-04-29 17:43:21] AUTH: Login exitoso: comprador@prueba.com (Rol: comprador)
[2026-04-29 18:26:59] AUTH: Login exitoso: comprador@prueba.com (Rol: comprador)
[2026-04-29 18:27:24] AUTH: Fallo de login: Contraseña incorrecta para [dayana@agecso.com]
[2026-04-29 18:27:29] AUTH: Login exitoso: dayana@agecso.com (Rol: admin)
[2026-04-29 18:30:09] AUTH: Login exitoso: comprador@prueba.com (Rol: comprador)
[2026-04-29 20:43:33] AUTH: Login exitoso: comprador@prueba.com (Rol: comprador)
[2026-04-29 20:43:38] AUTH: Login exitoso: comprador@prueba.com (Rol: comprador)
[2026-04-29 20:43:44] AUTH: Login exitoso: vendedor@prueba.com (Rol: proveedor)
[2026-04-29 20:45:13] AUTH: Login exitoso: dayana@agecso.com (Rol: admin)
[2026-04-29 21:01:47] AUTH: Login exitoso: dayana@agecso.com (Rol: admin)
[2026-04-29 21:12:28] AUTH: Login exitoso: dayana@agecso.com (Rol: admin)
[2026-04-29 21:13:27] AUTH: Login exitoso: comprador@prueba.com (Rol: comprador)
[2026-04-29 21:13:41] AUTH: Login exitoso: vendedor@prueba.com (Rol: proveedor)
[2026-04-29 21:50:57] AUTH: Login exitoso: vendedor@prueba.com (Rol: proveedor)
[2026-04-29 21:51:08] AUTH: Login exitoso: vendedor@prueba.com (Rol: proveedor)
[2026-04-29 21:51:19] AUTH: Login exitoso: comprador@prueba.com (Rol: comprador)
[2026-04-29 21:58:31] AUTH: Login exitoso: vendedor@prueba.com (Rol: proveedor)
[2026-04-29 22:09:14] AUTH: Login exitoso: vendedor@prueba.com (Rol: proveedor)
[2026-04-29 22:10:21] AUTH: Login exitoso: comprador@prueba.com (Rol: comprador)
[2026-04-29 22:38:48] AUTH: Login exitoso: vendedor@prueba.com (Rol: proveedor)
[2026-04-29 22:40:23] AUTH: Fallo de login: Usuario no encontrado [compradorprueba@gmail.com]
[2026-04-29 22:43:09] AUTH: Fallo de login: Usuario no encontrado [preubaempresasi@gmail.com]
[2026-04-29 23:00:11] AUTH: Login exitoso: vendedor@prueba.com (Rol: proveedor)
[2026-04-29 23:05:37] AUTH: Login exitoso: comprador@prueba.com (Rol: comprador)
[2026-04-29 23:06:44] AUTH: Login exitoso: vendedor@prueba.com (Rol: proveedor)
[2026-04-29 23:07:27] AUTH: Login exitoso: vendedor@prueba.com (Rol: proveedor)
[2026-04-29 23:17:43] AUTH: Login exitoso: merca@gmail.com (Rol: comprador)
[2026-04-29 23:17:51] AUTH: Login exitoso: dayana@agecso.com (Rol: admin)
[2026-04-29 23:18:20] AUTH: Login exitoso: merca@gmail.com (Rol: comprador)
[2026-04-29 23:21:04] AUTH: Login exitoso: merca1@gmail.com (Rol: proveedor)
[2026-04-29 23:21:13] AUTH: Fallo de login: Contraseña incorrecta para [merca1@gmail.com]
[2026-04-29 23:22:55] AUTH: Login exitoso: dayana@agecso.com (Rol: admin)
[2026-04-29 23:28:38] AUTH: Login exitoso: comprador@prueba.com (Rol: comprador)
[2026-04-29 23:29:22] AUTH: Login exitoso: dayana@agecso.com (Rol: admin)
[2026-04-29 23:32:07] AUTH: Login exitoso: vendedor@prueba.com (Rol: proveedor)
[2026-04-29 23:33:05] AUTH: Login exitoso: dayana@agecso.com (Rol: admin)
[2026-04-29 23:34:17] AUTH: Login exitoso: vendedor@prueba.com (Rol: proveedor)
[2026-04-29 23:35:15] AUTH: Login exitoso: comprador@prueba.com (Rol: comprador)
[2026-04-29 23:38:50] AUTH: Login exitoso: dayana@agecso.com (Rol: admin)
[2026-04-30 15:11:34] AUTH: Login exitoso: dayana@agecso.com (Rol: admin)
[2026-04-30 16:24:35] AUTH: Login exitoso: dayana@agecso.com (Rol: admin)
[2026-04-30 16:27:30] AUTH: Login exitoso: comprador@prueba.com (Rol: comprador)
[2026-05-04 15:54:39] AUTH: Login exitoso: dayana@agecso.com (Rol: admin)
[2026-05-04 15:56:50] AUTH: Login exitoso: vendedor@prueba.com (Rol: proveedor)
[2026-05-04 16:20:23] AUTH: Login exitoso: dayana@agecso.com (Rol: admin)
[2026-05-04 16:22:15] AUTH: Login exitoso: comprador@prueba.com (Rol: comprador)
[2026-05-04 16:26:35] AUTH: Login exitoso: vendedor@prueba.com (Rol: proveedor)
[2026-05-04 16:27:43] AUTH: Login exitoso: dayana@agecso.com (Rol: admin)
[2026-05-04 16:28:18] AUTH: Login exitoso: vendedor@prueba.com (Rol: proveedor)
[2026-05-04 16:29:13] AUTH: Login exitoso: dayana@agecso.com (Rol: admin)
[2026-05-04 16:45:05] AUTH: Login exitoso: merca1@gmail.com (Rol: proveedor)
[2026-05-04 16:47:59] AUTH: Login exitoso: dayana@agecso.com (Rol: admin)
[2026-05-04 22:28:38] AUTH: Login exitoso: dayana@agecso.com (Rol: admin)
[2026-05-04 22:28:55] AUTH: Fallo de login: Contraseña incorrecta para [dayana@agecso.com]
[2026-05-04 22:29:00] AUTH: Login exitoso: dayana@agecso.com (Rol: admin)
[2026-05-04 22:37:22] AUTH: Login exitoso: campradar@prueba.com (Rol: comprador)
[2026-05-04 22:37:28] AUTH: Login exitoso: dayana@agecso.com (Rol: admin)
[2026-05-04 22:43:00] AUTH: Login exitoso: comprador@prueba.com (Rol: comprador)
[2026-05-04 22:56:19] AUTH: Fallo de login: Usuario no encontrado [campradara@prueba.com]
[2026-05-04 22:56:31] AUTH: Login exitoso: campradar@prueba.com (Rol: comprador)
[2026-05-04 22:56:38] AUTH: Fallo de login: Contraseña incorrecta para [dayana@agecso.com]
[2026-05-04 22:56:43] AUTH: Login exitoso: dayana@agecso.com (Rol: admin)
[2026-05-04 22:56:48] AUTH: Login exitoso: dayana@agecso.com (Rol: admin)
[2026-05-04 22:57:09] AUTH: Login exitoso: vendedor@prueba.com (Rol: proveedor)
[2026-05-04 23:03:46] AUTH: Login exitoso: vendedor@prueba.com (Rol: proveedor)
[2026-05-04 23:03:51] AUTH: Login exitoso: dayana@agecso.com (Rol: admin)
[2026-05-04 23:05:51] AUTH: Login exitoso: dayana@agecso.com (Rol: admin)
[2026-05-04 23:10:21] AUTH: Login exitoso: dayana@agecso.com (Rol: admin)
[2026-05-04 23:13:59] AUTH: Login exitoso: comprador@prueba.com (Rol: comprador)
[2026-05-04 23:14:13] AUTH: Login exitoso: vendedor@prueba.com (Rol: proveedor)
[2026-05-04 23:14:44] AUTH: Login exitoso: dayana@agecso.com (Rol: admin)
[2026-05-04 23:15:27] AUTH: Login exitoso: comprador@prueba.com (Rol: comprador)
[2026-05-04 23:16:13] AUTH: Login exitoso: vendedor@prueba.com (Rol: proveedor)
[2026-05-04 23:16:50] AUTH: Login exitoso: comprador@prueba.com (Rol: comprador)
[2026-05-04 23:17:27] AUTH: Login exitoso: vendedor@prueba.com (Rol: proveedor)
[2026-05-04 23:19:37] AUTH: Login exitoso: comprador@prueba.com (Rol: comprador)
[2026-05-04 23:21:17] AUTH: Fallo de login: Contraseña incorrecta para [dayana@agecso.com]
[2026-05-04 23:21:22] AUTH: Login exitoso: dayana@agecso.com (Rol: admin)
[2026-05-04 23:22:10] AUTH: Login exitoso: comprador@prueba.com (Rol: comprador)
[2026-05-04 23:25:18] AUTH: Login exitoso: dayana@agecso.com (Rol: admin)
[2026-05-04 23:34:09] AUTH: Login exitoso: comprador@prueba.com (Rol: comprador)
[2026-05-04 23:38:02] AUTH: Fallo de login: Contraseña incorrecta para [dayana@agecso.com]
[2026-05-04 23:38:07] AUTH: Login exitoso: dayana@agecso.com (Rol: admin)
[2026-05-04 23:38:21] AUTH: Login exitoso: vendedor@prueba.com (Rol: proveedor)
[2026-05-04 23:38:38] AUTH: Login exitoso: comprador@prueba.com (Rol: comprador)
[2026-05-04 23:38:50] AUTH: Fallo de login: Contraseña incorrecta para [dayana@agecso.com]
[2026-05-04 23:38:54] AUTH: Login exitoso: dayana@agecso.com (Rol: admin)
[2026-05-04 23:39:32] AUTH: Login exitoso: comprador@prueba.com (Rol: comprador)
[2026-05-04 23:39:45] AUTH: Login exitoso: vendedor@prueba.com (Rol: proveedor)
[2026-05-04 23:40:55] AUTH: Login exitoso: dayana@agecso.com (Rol: admin)
[2026-05-04 23:41:11] AUTH: Login exitoso: comprador@prueba.com (Rol: comprador)
[2026-05-04 23:47:23] AUTH: Login exitoso: dayana@agecso.com (Rol: admin)
[2026-05-04 23:53:14] AUTH: Login exitoso: comprador@prueba.com (Rol: comprador)
[2026-05-05 14:56:51] AUTH: Login exitoso: dayana@agecso.com (Rol: admin)
[2026-05-05 14:57:05] AUTH: Login exitoso: comprador@prueba.com (Rol: comprador)
[2026-05-05 14:57:18] AUTH: Login exitoso: vendedor@prueba.com (Rol: proveedor)
[2026-05-05 14:57:47] AUTH: Login exitoso: dayana@agecso.com (Rol: admin)
[2026-05-05 14:59:33] AUTH: Login exitoso: comprador@prueba.com (Rol: comprador)
[2026-05-05 14:59:51] AUTH: Login exitoso: vendedor@prueba.com (Rol: proveedor)
[2026-05-05 15:00:45] AUTH: Login exitoso: dayana@agecso.com (Rol: admin)
[2026-05-05 15:03:33] AUTH: Login exitoso: comprador@prueba.com (Rol: comprador)
[2026-05-05 15:06:37] AUTH: Login exitoso: dayana@agecso.com (Rol: admin)
[2026-05-05 15:09:07] AUTH: Login exitoso: dayana@agecso.com (Rol: admin)
[2026-05-05 15:11:02] AUTH: Login exitoso: ejemploempresa@gmail.com (Rol: proveedor)
[2026-05-05 15:11:08] AUTH: Login exitoso: dayana@agecso.com (Rol: admin)
[2026-05-05 15:11:59] AUTH: Login exitoso: ejemploempresa@gmail.com (Rol: proveedor)
[2026-05-05 15:12:15] AUTH: Login exitoso: dayana@agecso.com (Rol: admin)
[2026-05-05 15:14:45] AUTH: Login exitoso: ejemploempresa@gmail.com (Rol: proveedor)
[2026-05-05 15:14:56] AUTH: Login exitoso: dayana@agecso.com (Rol: admin)
[2026-05-05 15:15:10] AUTH: Login exitoso: ejemploempresa@gmail.com (Rol: proveedor)
[2026-05-05 15:16:33] AUTH: Login exitoso: comprador@prueba.com (Rol: comprador)
[2026-05-05 15:18:06] AUTH: Login exitoso: dayana@agecso.com (Rol: admin)
[2026-05-05 15:18:19] AUTH: Login exitoso: comprador@prueba.com (Rol: comprador)
[2026-05-05 15:20:13] AUTH: Login exitoso: ejemploempresa@gmail.com (Rol: proveedor)
[2026-05-05 15:20:41] AUTH: Login exitoso: dayana@agecso.com (Rol: admin)
[2026-05-05 16:25:27] AUTH: Login exitoso: comprador@prueba.com (Rol: comprador)
[2026-05-05 16:30:21] AUTH: Login exitoso: comprador@prueba.com (Rol: comprador)
[2026-05-05 16:30:30] AUTH: Login exitoso: ejemploempresa@gmail.com (Rol: proveedor)
[2026-05-05 16:55:23] AUTH: Login exitoso: dayana@agecso.com (Rol: admin)
[2026-05-05 17:26:42] AUTH: Login exitoso: comprador@prueba.com (Rol: comprador)
[2026-05-05 18:55:33] AUTH: Login exitoso: comprador@prueba.com (Rol: comprador)
[2026-05-06 16:28:22] AUTH: Login exitoso: dayana@agecso.com (Rol: admin)
[2026-05-06 16:35:32] AUTH: Login exitoso: comprador@prueba.com (Rol: comprador)
[2026-05-06 16:48:55] AUTH: Login exitoso: dayana@agecso.com (Rol: admin)
[2026-05-06 16:49:43] AUTH: Login exitoso: comprador@prueba.com (Rol: comprador)
[2026-05-06 17:27:58] AUTH: Login exitoso: correopruebasejemplos@gmail.com (Rol: proveedor)
[2026-05-06 17:28:04] AUTH: Fallo de login: Contraseña incorrecta para [dayana@agecso.com]
[2026-05-06 17:28:09] AUTH: Login exitoso: dayana@agecso.com (Rol: admin)
[2026-05-06 18:02:56] AUTH: Login exitoso: comprador@prueba.com (Rol: comprador)
[2026-05-06 18:04:37] AUTH: Login exitoso: dayana@agecso.com (Rol: admin)
[2026-05-07 18:54:31] AUTH: Login exitoso: dayana@agecso.com (Rol: admin)
[2026-05-07 18:55:28] AUTH: Login exitoso: comprador@prueba.com (Rol: comprador)
[2026-05-07 19:55:45] AUTH: Login exitoso: dayana@agecso.com (Rol: admin)
[2026-05-07 20:57:13] AUTH: Login exitoso: dayana@agecso.com (Rol: admin)
[2026-05-07 20:58:20] AUTH: Fallo de login: Contraseña incorrecta para [dayana@agecso.com]
[2026-05-07 21:02:04] AUTH: Login exitoso: dayana@agecso.com (Rol: admin)
[2026-05-08 18:00:59] AUTH: Login exitoso: dayana@agecso.com (Rol: admin)
[2026-05-08 18:02:10] AUTH: Login exitoso: comprador@prueba.com (Rol: comprador)
[2026-05-08 18:02:44] AUTH: Login exitoso: vendedor@prueba.com (Rol: proveedor)
[2026-05-08 18:31:22] AUTH: Login exitoso: dayana@agecso.com (Rol: admin)
[2026-06-18 18:13:42] AUTH: Fallo de login: Usuario no encontrado [admin@agecso.com]
[2026-06-18 18:13:52] AUTH: Fallo de login: Usuario no encontrado [admin@agecso.com]
[2026-06-18 18:18:04] AUTH: Login exitoso: superadmin@agecso.com (Rol: superadmin)
[2026-06-18 18:25:12] AUTH: Login exitoso: superadmin@agecso.com (Rol: superadmin)
[2026-06-18 18:44:29] AUTH: Login exitoso: superadmin@agecso.com (Rol: superadmin)
[2026-06-18 18:45:16] AUTH: Login exitoso: superadmin@agecso.com (Rol: superadmin)
[2026-06-18 19:21:55] AUTH: Fallo de login: Usuario no encontrado [dayanalizeth067@gmail.com]
[2026-06-19 16:54:35] AUTH: Login exitoso: superadmin@agecso.com (Rol: superadmin)
[2026-06-19 17:12:09] AUTH: Login exitoso: superadmin@agecso.com (Rol: superadmin)
[2026-06-19 17:17:09] AUTH: Login exitoso: superadmin@agecso.com (Rol: superadmin)
[2026-06-19 17:18:27] AUTH: Fallo de login: Usuario no encontrado [admin@agecso.com]
[2026-06-19 17:27:53] AUTH: Login exitoso: superadmin@agecso.com (Rol: superadmin)
[2026-06-19 17:28:49] AUTH: Login exitoso: admin@agecso.com (Rol: admin)
[2026-06-19 17:56:18] AUTH: Login exitoso: comprador@agecso.com (Rol: comprador)
[2026-06-19 17:58:33] AUTH: Login exitoso: comprador@agecso.com (Rol: comprador)
[2026-06-19 17:59:02] AUTH: Login exitoso: vendedor@agecso.com (Rol: proveedor)
[2026-06-19 18:09:25] AUTH: Login exitoso: superadmin@agecso.com (Rol: superadmin)
[2026-06-19 18:11:53] AUTH: Fallo de login: Contraseña incorrecta para [vendedor@prueba.com]
[2026-06-19 18:13:12] AUTH: Fallo de login: Contraseña incorrecta para [vendedor@prueba.com]
[2026-06-19 18:13:21] AUTH: Fallo de login: Contraseña incorrecta para [vendedor@prueba.com]
[2026-06-19 18:13:34] AUTH: Login exitoso: comprador@agecso.com (Rol: comprador)
[2026-06-19 18:14:31] AUTH: Login exitoso: vendedor@agecso.com (Rol: proveedor)
[2026-06-19 18:15:53] AUTH: Login exitoso: superadmin@agecso.com (Rol: superadmin)
[2026-06-19 18:27:01] AUTH: Login exitoso: admin@agecso.com (Rol: admin)
[2026-06-19 18:31:30] AUTH: Login exitoso: vendedor@agecso.com (Rol: proveedor)
[2026-06-22 16:58:28] AUTH: Login exitoso: vendedor@agecso.com (Rol: proveedor)
[2026-06-22 17:35:23] AUTH: Fallo de login: Contraseña incorrecta para [vendedor@prueba.com]
[2026-06-22 17:35:35] AUTH: Login exitoso: vendedor@agecso.com (Rol: proveedor)
[2026-06-22 18:45:35] AUTH: Login exitoso: admin@agecso.com (Rol: admin)
[2026-06-22 18:46:40] AUTH: Login exitoso: vendedor@agecso.com (Rol: proveedor)
[2026-06-22 18:47:00] AUTH: Login exitoso: admin@agecso.com (Rol: admin)
[2026-06-22 18:49:44] AUTH: Login exitoso: vendedor@agecso.com (Rol: proveedor)
[2026-06-22 18:50:07] AUTH: Login exitoso: admin@agecso.com (Rol: admin)
[2026-06-22 18:50:47] AUTH: Login exitoso: vendedor@agecso.com (Rol: proveedor)
[2026-06-22 21:02:22] AUTH: Login exitoso: admin@agecso.com (Rol: admin)
[2026-06-22 21:07:46] AUTH: Login exitoso: comprador@agecso.com (Rol: comprador)
[2026-06-22 21:15:52] AUTH: Login exitoso: vendedor@agecso.com (Rol: proveedor)
[2026-06-22 21:49:14] AUTH: Fallo de login: Contraseña incorrecta para [comprador@agecso.com]
[2026-06-22 21:49:22] AUTH: Login exitoso: comprador@agecso.com (Rol: comprador)
[2026-06-22 21:49:59] AUTH: Login exitoso: admin@agecso.com (Rol: admin)
[2026-06-22 21:50:29] AUTH: Login exitoso: comprador@agecso.com (Rol: comprador)
[2026-06-22 21:58:32] AUTH: Login exitoso: vendedor@agecso.com (Rol: proveedor)
[2026-06-22 22:05:08] AUTH: Login exitoso: comprador@agecso.com (Rol: comprador)
[2026-06-22 22:06:45] AUTH: Login exitoso: admin@agecso.com (Rol: admin)
[2026-06-22 23:21:16] AUTH: Login exitoso: vendedor@agecso.com (Rol: proveedor)
[2026-06-22 23:21:43] AUTH: Login exitoso: admin@agecso.com (Rol: admin)
[2026-06-22 23:52:31] AUTH: Login exitoso: vendedor@agecso.com (Rol: proveedor)
[2026-06-23 00:00:30] AUTH: Login exitoso: admin@agecso.com (Rol: admin)
[2026-06-23 17:36:57] AUTH: Login exitoso: vendedor@agecso.com (Rol: proveedor)
[2026-06-23 17:37:39] AUTH: Login exitoso: comprador@agecso.com (Rol: comprador)
[2026-06-23 17:46:36] AUTH: Login exitoso: vendedor@agecso.com (Rol: proveedor)
[2026-06-23 17:47:44] AUTH: Login exitoso: comprador@agecso.com (Rol: comprador)
[2026-06-23 17:48:15] AUTH: Login exitoso: admin@agecso.com (Rol: admin)
[2026-06-23 17:48:50] AUTH: Login exitoso: comprador@agecso.com (Rol: comprador)
[2026-06-23 17:49:06] AUTH: Login exitoso: comprador@agecso.com (Rol: comprador)
[2026-06-23 10:55:32] AUTH: Login exitoso: vendedor@agecso.com (Rol: proveedor)
[2026-06-23 10:56:02] AUTH: Login exitoso: comprador@agecso.com (Rol: comprador)
[2026-06-23 10:59:48] AUTH: Fallo de login: Contraseña incorrecta para [vendedor@agecso.com]
[2026-06-23 10:59:59] AUTH: Login exitoso: vendedor@agecso.com (Rol: proveedor)
[2026-06-23 11:01:07] AUTH: Login exitoso: comprador@agecso.com (Rol: comprador)
[2026-06-23 11:15:41] AUTH: Login exitoso: admin@agecso.com (Rol: admin)
[2026-06-23 14:45:47] AUTH: Login exitoso: vendedor@agecso.com (Rol: proveedor)
[2026-06-23 14:52:44] AUTH: Login exitoso: vendedor@agecso.com (Rol: proveedor)
[2026-06-23 14:53:11] AUTH: Login exitoso: comprador@agecso.com (Rol: comprador)
[2026-06-25 15:17:18] AUTH: Login exitoso: vendedor@agecso.com (Rol: proveedor)
[2026-06-25 15:17:41] AUTH: Login exitoso: comprador@agecso.com (Rol: comprador)
[2026-06-25 15:25:55] AUTH: Login exitoso: vendedor@agecso.com (Rol: proveedor)
[2026-06-25 15:28:00] AUTH: Login exitoso: admin@agecso.com (Rol: admin)
[2026-06-25 16:26:23] AUTH: Login exitoso: dayanalizeth067@gmail.com (Rol: proveedor)
[2026-06-25 16:26:39] AUTH: Login exitoso: dayanalizeth067@gmail.com (Rol: proveedor)
[2026-06-25 16:26:45] AUTH: Login exitoso: admin@agecso.com (Rol: admin)
[2026-06-30 09:50:22] AUTH: Login exitoso: vendedor@agecso.com (Rol: proveedor)
[2026-06-30 09:52:25] AUTH: Login exitoso: vendedor@agecso.com (Rol: proveedor)
[2026-06-30 09:53:26] AUTH: Login exitoso: comprador@agecso.com (Rol: comprador)
[2026-06-30 09:56:21] AUTH: Login exitoso: vendedor@agecso.com (Rol: proveedor)
[2026-06-30 09:58:38] AUTH: Login exitoso: comprador@agecso.com (Rol: comprador)
[2026-06-30 10:02:36] AUTH: Login exitoso: admin@agecso.com (Rol: admin)
[2026-06-30 10:07:05] AUTH: Login exitoso: admin@agecso.com (Rol: admin)
[2026-06-30 15:18:12] AUTH: Login exitoso: admin@agecso.com (Rol: admin)
[2026-06-30 15:38:29] AUTH: Login exitoso: vendedor@agecso.com (Rol: proveedor)
[2026-06-30 15:38:59] AUTH: Login exitoso: admin@agecso.com (Rol: admin)
[2026-06-30 15:40:52] AUTH: Login exitoso: vendedor@agecso.com (Rol: proveedor)
[2026-06-30 15:41:16] AUTH: Login exitoso: comprador@agecso.com (Rol: comprador)
[2026-06-30 15:41:32] AUTH: Login exitoso: admin@agecso.com (Rol: admin)
[2026-06-30 15:42:18] AUTH: Login exitoso: vendedor@agecso.com (Rol: proveedor)
[2026-06-30 15:46:57] AUTH: Login exitoso: comprador@agecso.com (Rol: comprador)
[2026-06-30 15:58:13] AUTH: Login exitoso: admin@agecso.com (Rol: admin)
[2026-06-30 16:07:12] AUTH: Login exitoso: vendedor@agecso.com (Rol: proveedor)
[2026-06-30 16:07:38] AUTH: Login exitoso: comprador@agecso.com (Rol: comprador)
[2026-06-30 16:08:06] AUTH: Login exitoso: admin@agecso.com (Rol: admin)
[2026-06-30 16:08:23] AUTH: Login exitoso: vendedor@agecso.com (Rol: proveedor)
[2026-06-30 16:08:58] AUTH: Login exitoso: comprador@agecso.com (Rol: comprador)
[2026-07-01 10:43:23] AUTH: Login exitoso: vendedor@agecso.com (Rol: proveedor)
[2026-07-01 10:44:00] AUTH: Login exitoso: comprador@agecso.com (Rol: comprador)
[2026-07-01 10:59:08] AUTH: Login exitoso: admin@agecso.com (Rol: admin)
[2026-07-01 11:00:49] AUTH: Login exitoso: comprador@agecso.com (Rol: comprador)
[2026-07-01 12:19:16] AUTH: Login exitoso: admin@agecso.com (Rol: admin)
[2026-07-01 12:24:32] AUTH: Login exitoso: vendedor@agecso.com (Rol: proveedor)
[2026-07-01 12:25:53] AUTH: Login exitoso: comprador@agecso.com (Rol: comprador)
[2026-07-01 12:26:08] AUTH: Login exitoso: admin@agecso.com (Rol: admin)
[2026-07-01 12:26:37] AUTH: Login exitoso: comprador@agecso.com (Rol: comprador)
[2026-07-01 12:37:26] AUTH: Login exitoso: vendedor@agecso.com (Rol: proveedor)
[2026-07-02 15:22:21] AUTH: Login exitoso: vendedor@agecso.com (Rol: proveedor)
[2026-07-02 15:53:41] AUTH: Login exitoso: comprador@agecso.com (Rol: comprador)
[2026-07-02 15:53:56] AUTH: Login exitoso: vendedor@agecso.com (Rol: proveedor)
[2026-07-02 16:04:53] AUTH: Login exitoso: comprador@agecso.com (Rol: comprador)
[2026-07-06 15:49:33] AUTH: Login exitoso: comprador@agecso.com (Rol: comprador)
[2026-07-06 15:50:07] AUTH: Login exitoso: vendedor@agecso.com (Rol: proveedor)
[2026-07-06 15:50:39] AUTH: Login exitoso: comprador@agecso.com (Rol: comprador)
[2026-07-06 15:51:18] AUTH: Login exitoso: vendedor@agecso.com (Rol: proveedor)
[2026-07-06 15:51:56] AUTH: Login exitoso: comprador@agecso.com (Rol: comprador)
[2026-07-06 15:54:58] AUTH: Login exitoso: vendedor@agecso.com (Rol: proveedor)
[2026-07-06 16:00:58] AUTH: Login exitoso: comprador@agecso.com (Rol: comprador)
[2026-07-06 16:01:49] AUTH: Login exitoso: vendedor@agecso.com (Rol: proveedor)
[2026-07-06 16:02:26] AUTH: Login exitoso: admin@agecso.com (Rol: admin)
[2026-07-06 16:05:07] AUTH: Login exitoso: vendedor@agecso.com (Rol: proveedor)
[2026-07-06 16:07:30] AUTH: Login exitoso: admin@agecso.com (Rol: admin)
[2026-07-06 16:09:26] AUTH: Login exitoso: vendedor@agecso.com (Rol: proveedor)
[2026-07-06 16:09:50] AUTH: Login exitoso: comprador@agecso.com (Rol: comprador)
[2026-07-06 16:21:08] AUTH: Login exitoso: admin@agecso.com (Rol: admin)
[2026-07-06 16:35:31] AUTH: Login exitoso: admin@agecso.com (Rol: admin)
[2026-07-06 16:36:15] AUTH: Login exitoso: vendedor@agecso.com (Rol: proveedor)
[2026-07-06 16:41:35] AUTH: Login exitoso: admin@agecso.com (Rol: admin)
[2026-07-06 16:42:12] AUTH: Login exitoso: vendedor@agecso.com (Rol: proveedor)
[2026-07-16 10:03:48] AUTH: Login exitoso: vendedor@agecso.com (Rol: proveedor)
[2026-07-22 14:14:10] AUTH: Login exitoso: admin@agecso.com (Rol: admin)
[2026-07-22 15:45:29] AUTH: Login exitoso: vendedor@agecso.com (Rol: proveedor)
[2026-07-24 14:43:08] AUTH: Login exitoso: comprador@agecso.com (Rol: comprador)
[2026-07-24 15:44:00] AUTH: Login exitoso: admin@agecso.com (Rol: admin)
[2026-07-24 15:44:35] AUTH: Login exitoso: vendedor@agecso.com (Rol: proveedor)
