[2026-04-16 23:11:49] BUSINESS: Rueda de Negocios Creada: 'Rueda de negocio internacional Electricidad' (ID: 2) por Admin ID: 2
[2026-04-16 23:30:50] BUSINESS: Rueda de Negocios Creada: 'ruedas de negocio 4' (ID: 3) por Admin ID: 2
[2026-04-20 14:43:47] BUSINESS: Comprador ID 3 solicitó reunión con Vendedor ID 4
[2026-04-21 17:52:13] BUSINESS: Rueda de Negocios Creada: 'Rueda de ensayo para probar reuniones y estadisticas' (ID: 15) por Admin ID: 2
[2026-04-21 21:01:38] BUSINESS: Comprador ID 3 solicitó reunión con Vendedor ID 4
[2026-04-27 05:43:05] BUSINESS: Rueda de Negocios Creada: 'Rueda ejemplo locura' (ID: 16) por Admin ID: 2
[2026-04-27 06:31:54] BUSINESS: Comprador ID 3 solicitó reunión con Vendedor ID 4
[2026-04-27 07:01:08] BUSINESS: Comprador ID 3 solicitó reunión con Vendedor ID 4
[2026-05-04 23:13:02] BUSINESS: Rueda de Negocios Creada: 'Reuda somular citas ' (ID: 18) por Admin ID: 2
[2026-05-04 23:53:59] BUSINESS: Comprador ID 3 solicitó reunión con Vendedor ID 4
[2026-05-05 14:59:18] BUSINESS: Rueda de Negocios Creada: 'COMUNICADO' (ID: 19) por Admin ID: 2
[2026-06-22 23:26:24] BUSINESS: Rueda de Negocios Creada: 'I Macrorueda de Alimentos y Sostenibilidad AGESCO 2026' (ID: 24) por Admin ID: 65
[2026-06-22 23:46:29] BUSINESS: Rueda de Negocios Creada: 'I Macrorueda de Alimentos y Sostenibilidad AGESCO 2026' (ID: 25) por Admin ID: 65
[2026-06-23 10:55:15] BUSINESS: Comprador ID 63 solicitó reunión con Vendedor ID 64
[2026-06-23 14:45:28] BUSINESS: Auto-finalizadas 1 citas pasadas (fecha + 1h) -> 'realizada'
[2026-06-25 15:19:28] BUSINESS: Usuario ID 66 actualizó su cuenta de Comprador a Vendedor
[2026-06-25 15:23:35] BUSINESS: Usuario ID 66 actualizó su cuenta de Vendedor de vuelta a Comprador
[2026-06-25 15:25:31] BUSINESS: Usuario ID 66 actualizó su cuenta de Comprador a Vendedor
[2026-06-25 15:25:39] BUSINESS: Usuario ID 66 actualizó su cuenta de Vendedor de vuelta a Comprador
[2026-06-25 15:27:45] BUSINESS: Vendedor ID 67 pagó y activó membresía plan mensual
[2026-06-30 09:51:54] BUSINESS: Vendedor ID 67 pagó y activó membresía plan mensual por $25,000
[2026-06-30 09:56:03] BUSINESS: Comprador ID 63 solicitó reunión con Vendedor ID 64
[2026-06-30 10:00:19] BUSINESS: Usuario ID 66 actualizó su cuenta de Comprador a Vendedor
[2026-06-30 10:00:53] BUSINESS: Usuario ID 66 actualizó su cuenta de Vendedor de vuelta a Comprador
[2026-06-30 10:01:17] BUSINESS: Usuario ID 66 actualizó su cuenta de Comprador a Vendedor
[2026-06-30 10:01:21] BUSINESS: Usuario ID 66 actualizó su cuenta de Vendedor de vuelta a Comprador
[2026-06-30 15:38:02] BUSINESS: Rueda de Negocios Creada: 'I Encuentro Presencial de Proveedores Industriales AGESCO' (ID: 26) por Admin ID: 65
[2026-06-30 15:40:30] BUSINESS: Rueda de Negocios Creada: 'I Encuentro Presencial de Proveedores Industriales AGESCO' (ID: 27) por Admin ID: 65
[2026-06-30 16:06:37] BUSINESS: Rueda de Negocios Creada: 'I Encuentro Presencial de Proveedores Industriales AGESCO' (ID: 28) por Admin ID: 65
[2026-07-01 12:22:58] BUSINESS: Rueda de Negocios Creada: 'Cumbre de Sostenibilidad y Economía Circular 2026' (ID: 29) por Admin ID: 65
[2026-07-01 12:37:16] BUSINESS: Comprador ID 63 solicitó reunión con Vendedor ID 64
[2026-07-06 15:54:16] BUSINESS: Comprador ID 63 solicitó reunión con Vendedor ID 64
[2026-07-16 10:03:25] BUSINESS: Auto-finalizadas 1 citas pasadas (fecha + 1h) -> 'realizada'
