[2026-04-16 18:08:00] SYSTEM: Error en CRUD Ruedas: La fecha de finalización no puede ser anterior a la fecha de inicio.
[2026-04-29 23:18:05] SYSTEM: Empresa ID 44 marcada como aprobada por Admin
[2026-04-29 23:18:06] SYSTEM: Empresa ID 45 marcada como aprobada por Admin
[2026-04-30 16:26:40] SYSTEM: Error en CRUD Ruedas: No puedes crear una rueda de negocios en una fecha pasada.
[2026-06-22 23:19:51] SYSTEM: Rueda de negocios ID 13 eliminada con éxito por Admin
[2026-06-22 23:19:58] SYSTEM: Rueda de negocios ID 21 eliminada con éxito por Admin
[2026-06-22 23:20:03] SYSTEM: Rueda de negocios ID 20 eliminada con éxito por Admin
[2026-06-22 23:20:08] SYSTEM: Rueda de negocios ID 1 eliminada con éxito por Admin
[2026-06-22 23:20:12] SYSTEM: Rueda de negocios ID 16 eliminada con éxito por Admin
[2026-06-22 23:20:17] SYSTEM: Rueda de negocios ID 11 eliminada con éxito por Admin
[2026-06-22 23:20:20] SYSTEM: Rueda de negocios ID 23 eliminada con éxito por Admin
[2026-06-22 23:20:29] SYSTEM: Rueda de negocios ID 14 eliminada con éxito por Admin
[2026-06-22 23:20:32] SYSTEM: Rueda de negocios ID 12 eliminada con éxito por Admin
[2026-06-22 23:20:38] SYSTEM: Rueda de negocios ID 3 eliminada con éxito por Admin
[2026-06-22 23:20:41] SYSTEM: Rueda de negocios ID 2 eliminada con éxito por Admin
[2026-06-22 23:20:46] SYSTEM: Rueda de negocios ID 15 eliminada con éxito por Admin
[2026-06-22 23:20:50] SYSTEM: Rueda de negocios ID 10 eliminada con éxito por Admin
[2026-06-22 23:20:59] SYSTEM: Rueda de negocios ID 17 eliminada con éxito por Admin
[2026-06-22 23:21:48] SYSTEM: Rueda de negocios ID 22 eliminada con éxito por Admin
[2026-06-22 23:21:52] SYSTEM: Rueda de negocios ID 19 eliminada con éxito por Admin
[2026-06-22 23:21:55] SYSTEM: Rueda de negocios ID 18 eliminada con éxito por Admin
[2026-06-22 23:22:04] SYSTEM: Empresa ID 62 marcada como rechazada por Admin
[2026-06-22 23:46:37] SYSTEM: Rueda de negocios ID 24 eliminada con éxito por Admin
[2026-06-30 15:39:14] SYSTEM: Rueda de negocios ID 26 eliminada con éxito por Admin
[2026-06-30 16:00:24] SYSTEM: Rueda de negocios ID 27 eliminada con éxito por Admin
